
> client@0.0.0 test
> jest --watchAll=false

  console.warn
    ΓÜá∩╕Å React Router Future Flag Warning: React Router will begin wrapping state updates in `React.startTransition` in v7. You can use the `v7_startTransition` future flag to opt-in early. For more information, see https://reactrouter.com/v6/upgrading/future#v7_starttransition.

    [0m [90m 44 |[39m [90m * Wraps Login in MemoryRouter (required because it renders <Link>).[39m
     [90m 45 |[39m [90m */[39m
    [31m[1m>[22m[39m[90m 46 |[39m [36mconst[39m renderLogin [33m=[39m () [33m=>[39m render(
     [90m    |[39m                                 [31m[1m^[22m[39m
     [90m 47 |[39m   [33m<[39m[33mMemoryRouter[39m[33m>[39m
     [90m 48 |[39m     [33m<[39m[33mLogin[39m [33m/[39m[33m>[39m
     [90m 49 |[39m   [33m<[39m[33m/[39m[33mMemoryRouter[39m[33m>[39m[0m

      at warn (node_modules/react-router/lib/deprecations.ts:9:13)
      at warnOnce (node_modules/react-router/lib/deprecations.ts:14:3)
      at logDeprecation (node_modules/react-router/lib/deprecations.ts:26:5)
      at logV6DeprecationWarnings (node_modules/react-router/lib/components.tsx:257:25)
      at Object.react_stack_bottom_frame (node_modules/react-dom/cjs/react-dom-client.development.js:25989:20)
      at runWithFiberInDEV (node_modules/react-dom/cjs/react-dom-client.development.js:874:13)
      at commitHookEffectListMount (node_modules/react-dom/cjs/react-dom-client.development.js:13249:29)
      at commitHookPassiveMountEffects (node_modules/react-dom/cjs/react-dom-client.development.js:13336:11)
      at commitPassiveMountOnFiber (node_modules/react-dom/cjs/react-dom-client.development.js:15484:13)
      at recursivelyTraversePassiveMountEffects (node_modules/react-dom/cjs/react-dom-client.development.js:15439:11)
      at commitPassiveMountOnFiber (node_modules/react-dom/cjs/react-dom-client.development.js:15519:11)
      at flushPassiveEffects (node_modules/react-dom/cjs/react-dom-client.development.js:18432:9)
      at node_modules/react-dom/cjs/react-dom-client.development.js:17923:15
      at flushActQueue (node_modules/react/cjs/react.development.js:590:34)
      at process.env.NODE_ENV.exports.act (node_modules/react/cjs/react.development.js:884:10)
      at node_modules/@testing-library/react/dist/act-compat.js:46:25
      at renderRoot (node_modules/@testing-library/react/dist/pure.js:189:26)
      at render (node_modules/@testing-library/react/dist/pure.js:291:10)
      at renderLogin (src/pages/Login.test.jsx:46:33)
      at Object.renderLogin (src/pages/Login.test.jsx:62:5)

  console.warn
    ΓÜá∩╕Å React Router Future Flag Warning: Relative route resolution within Splat routes is changing in v7. You can use the `v7_relativeSplatPath` future flag to opt-in early. For more information, see https://reactrouter.com/v6/upgrading/future#v7_relativesplatpath.

    [0m [90m 44 |[39m [90m * Wraps Login in MemoryRouter (required because it renders <Link>).[39m
     [90m 45 |[39m [90m */[39m
    [31m[1m>[22m[39m[90m 46 |[39m [36mconst[39m renderLogin [33m=[39m () [33m=>[39m render(
     [90m    |[39m                                 [31m[1m^[22m[39m
     [90m 47 |[39m   [33m<[39m[33mMemoryRouter[39m[33m>[39m
     [90m 48 |[39m     [33m<[39m[33mLogin[39m [33m/[39m[33m>[39m
     [90m 49 |[39m   [33m<[39m[33m/[39m[33mMemoryRouter[39m[33m>[39m[0m

      at warn (node_modules/react-router/lib/deprecations.ts:9:13)
      at warnOnce (node_modules/react-router/lib/deprecations.ts:14:3)
      at logDeprecation (node_modules/react-router/lib/deprecations.ts:37:5)
      at logV6DeprecationWarnings (node_modules/react-router/lib/components.tsx:257:25)
      at Object.react_stack_bottom_frame (node_modules/react-dom/cjs/react-dom-client.development.js:25989:20)
      at runWithFiberInDEV (node_modules/react-dom/cjs/react-dom-client.development.js:874:13)
      at commitHookEffectListMount (node_modules/react-dom/cjs/react-dom-client.development.js:13249:29)
      at commitHookPassiveMountEffects (node_modules/react-dom/cjs/react-dom-client.development.js:13336:11)
      at commitPassiveMountOnFiber (node_modules/react-dom/cjs/react-dom-client.development.js:15484:13)
      at recursivelyTraversePassiveMountEffects (node_modules/react-dom/cjs/react-dom-client.development.js:15439:11)
      at commitPassiveMountOnFiber (node_modules/react-dom/cjs/react-dom-client.development.js:15519:11)
      at flushPassiveEffects (node_modules/react-dom/cjs/react-dom-client.development.js:18432:9)
      at node_modules/react-dom/cjs/react-dom-client.development.js:17923:15
      at flushActQueue (node_modules/react/cjs/react.development.js:590:34)
      at process.env.NODE_ENV.exports.act (node_modules/react/cjs/react.development.js:884:10)
      at node_modules/@testing-library/react/dist/act-compat.js:46:25
      at renderRoot (node_modules/@testing-library/react/dist/pure.js:189:26)
      at render (node_modules/@testing-library/react/dist/pure.js:291:10)
      at renderLogin (src/pages/Login.test.jsx:46:33)
      at Object.renderLogin (src/pages/Login.test.jsx:62:5)

node.exe : FAIL 
src/pages/Login.test.jsx
At line:1 char:1
+ & "E:\node 
js/node.exe" "E:\node js/
node_modules/npm/bin/npm-
cli.js"  ...
+ ~~~~~~~~~~~~~~~~~~~~~~~
~~~~~~~~~~~~~~~~~~~~~~~~~
~~~~~~~~~~~~~~~~~~~~~
    + CategoryInfo       
       : NotSpecified:   
  (FAIL src/pages/Logi   
 n.test.jsx:String) [    
], RemoteException
    + FullyQualifiedErro 
   rId : NativeCommandE  
  rror
 
  Login Component
    ΓêÜ renders without 
crashing (113 ms)
    ├ù displays the page 
heading, both input 
fields and the submit 
button (38 ms)
    ΓêÜ shows an email 
validation error when 
the form is submitted 
with no email (23 ms)
    ΓêÜ shows a format 
error when an invalid 
email is entered (28 ms)
    ΓêÜ shows a password 
validation error when 
only the email is filled 
(15 ms)
    ΓêÜ does NOT call 
the API when the form is 
submitted with invalid 
data (11 ms)
    ├ù calls the auth 
login function and 
navigates to dashboard 
on success (290 ms)
    ├ù displays an API 
error banner when the 
server returns an error 
(294 ms)
    ├ù toggles the 
password input type when 
the visibility button is 
clicked (5 ms)
    ΓêÜ renders a link 
to the registration page 
(6 ms)

  ΓùÅ Login Component 
ΓÇ║ displays the page 
heading, both input 
fields and the submit 
button

    TestingLibraryElement
Error: Found multiple 
elements with the text 
of: /password/i

    Here are the 
matching elements:

    Ignored nodes: 
comments, script, style
    [36m<input[39m
      [33mautocomplete[
39m=[32m"current-passwor
d"[39m
      [33mid[39m=[32m"
password"[39m
      [33mname[39m=[32
m"password"[39m
      [33mplaceholder[3
9m=[32m"Enter your 
password"[39m
      [33mstyle[39m=[3
2m"padding: 0.75rem 3rem 
0.75rem 1rem; font-size: 
0.95rem; background: 
rgba(255, 255, 255, 
0.07); border: 1px solid 
rgba(255, 255, 255, 
0.15); border-radius: 
10px; color: rgb(255, 
255, 255); outline: 
none; width: 100%; 
box-sizing: border-box; 
transition: border-color 
0.2s, box-shadow 
0.2s;"[39m
      [33mtype[39m=[32
m"password"[39m
      [33mvalue[39m=[3
2m""[39m
    [36m/>[39m

    Ignored nodes: 
comments, script, style
    [36m<button[39m
      [33maria-label[39
m=[32m"Toggle password 
visibility"[39m
      [33mstyle[39m=[3
2m"position: absolute; 
right: 0.75rem; 
background: none; 
cursor: pointer; 
font-size: 1rem; color: 
rgba(255, 255, 255, 
0.5); padding: 0.25rem; 
line-height: 1;"[39m
      [33mtabindex[39m=
[32m"-1"[39m
      [33mtype[39m=[32
m"button"[39m
    [36m>[39m
      [0m≡ƒæü∩╕Å[0m
    [36m</button>[39m

    (If this is 
intentional, then use 
the `*AllBy*` variant of 
the query (like 
`queryAllByText`, 
`getAllByText`, or 
`findAllByText`)).

    Ignored nodes: 
comments, script, style
    [36m<body>[39m
      [36m<div>[39m
        [36m<div[39m
          [33mstyle[39m
=[32m"min-height: 
100vh; display: flex; 
justify-content: center; 
align-items: center; 
padding: 2rem 1rem; 
background: 
linear-gradient(135deg, 
#0f0c29, #302b63, 
#24243e); position: 
relative; overflow: 
hidden;"[39m
        [36m>[39m
          [36m<div[39m
            [33mstyle[3
9m=[32m"position: 
absolute; top: -10rem; 
right: -10rem; width: 
35rem; height: 35rem; 
border-radius: 50%; 
background: 
radial-gradient(circle, 
rgba(99,102,241,0.25) 
0%, transparent 70%); 
pointer-events: 
none;"[39m
          [36m/>[39m
          [36m<div[39m
            [33mstyle[3
9m=[32m"position: 
absolute; bottom: -8rem; 
left: -8rem; width: 
30rem; height: 30rem; 
border-radius: 50%; 
background: 
radial-gradient(circle, 
rgba(236,72,153,0.2) 0%, 
transparent 70%); 
pointer-events: 
none;"[39m
          [36m/>[39m
          [36m<div[39m
            [33mstyle[3
9m=[32m"position: 
relative; z-index: 1; 
width: 100%; max-width: 
420px; padding: 2.5rem; 
background: rgba(255, 
255, 255, 0.06); 
border-radius: 20px; 
border: 1px solid 
rgba(255, 255, 255, 
0.12); box-shadow: 0 
25px 60px 
rgba(0,0,0,0.5);"[39m
          [36m>[39m
            
[36m<div[39m
              [33mstyle
[39m=[32m"text-align: 
center; margin-bottom: 
2rem;"[39m
            [36m>[39m
              
[36m<div[39m
                [33mstyl
e[39m=[32m"display: 
inline-flex; 
align-items: center; 
justify-content: center; 
width: 52px; height: 
52px; border-radius: 
50%; background: 
linear-gradient(135deg, 
#6366f1, #ec4899); 
font-size: 1.4rem; 
color: rgb(255, 255, 
255); margin-bottom: 
1rem; box-shadow: 0 0 
20px rgba(99,102,241,0.5)
;"[39m
              [36m>[39m
                
[0mΓ£ª[0m
              
[36m</div>[39m
              
[36m<h1[39m
                [33mstyl
e[39m=[32m"font-size: 
1.75rem; font-weight: 
700; color: rgb(255, 
255, 255); margin: 0px 
0px 0.4rem; 
letter-spacing: 
-0.02em;"[39m
              [36m>[39m
                
[0mWelcome Back[0m
              
[36m</h1>[39m
              
[36m<p[39m
                [33mstyl
e[39m=[32m"font-size: 
0.875rem; color: 
rgba(255, 255, 255, 
0.55); margin: 0px;"[39m
              [36m>[39m
                [0mSign 
in to your Creators 
Platform account[0m
              
[36m</p>[39m
            
[36m</div>[39m
            
[36m<form[39m
              [33mnovali
date[39m=[32m""[39m
              [33mstyle
[39m=[32m"display: 
flex; flex-direction: 
column; gap: 
1.25rem;"[39m
            [36m>[39m
              
[36m<div[39m
                [33mstyl
e[39m=[32m"display: 
flex; flex-direction: 
column; gap: 
0.4rem;"[39m
              [36m>[39m
                
[36m<label[39m
                  [33mfo
r[39m=[32m"email"[39m
                  [33mst
yle[39m=[32m"font-size:
 0.82rem; font-weight: 
600; color: rgba(255, 
255, 255, 0.7); 
letter-spacing: 0.03em; 
text-transform: 
uppercase;"[39m
                
[36m>[39m
                  
[0mEmail Address[0m
                
[36m</label>[39m
                
[36m<input[39m
                  [33mau
tocomplete[39m=[32m"ema
il"[39m
                  [33mid
[39m=[32m"email"[39m
                  [33mna
me[39m=[32m"email"[39m
                  [33mpl
aceholder[39m=[32m"you@
example.com"[39m
                  [33mst
yle[39m=[32m"padding: 
0.75rem 1rem; font-size: 
0.95rem; background: 
rgba(255, 255, 255, 
0.07); border: 1px solid 
rgba(255, 255, 255, 
0.15); border-radius: 
10px; color: rgb(255, 
255, 255); outline: 
none; width: 100%; 
box-sizing: border-box; 
transition: border-color 
0.2s, box-shadow 
0.2s;"[39m
                  [33mty
pe[39m=[32m"email"[39m
                  [33mva
lue[39m=[32m""[39m
                
[36m/>[39m
              
[36m</div>[39m
              
[36m<div[39m
                [33mstyl
e[39m=[32m"display: 
flex; flex-direction: 
column; gap: 
0.4rem;"[39m
              [36m>[39m
                
[36m<label[39m
                  [33mfo
r[39m=[32m"password"[3
9m
                  [33mst
yle[39m=[32m"font-size:
 0.82rem; font-weight: 
600; color: rgba(255, 
255, 255, 0.7); 
letter-spacing: 0.03em; 
text-transform: 
uppercase;"[39m
                
[36m>[39m
                  
[0mPassword[0m
                
[36m</label>[39m
                
[36m<div[39m
                  [33mst
yle[39m=[32m"position: 
relative; display: flex; 
align-items: 
center;"[39m
                
[36m>[39m
                  
[36m<input[39m
                    [33m
autocomplete[39m=[32m"c
urrent-password"[39m
                    [33m
id[39m=[32m"password"[
39m
                    [33m
name[39m=[32m"password"
[39m
                    [33m
placeholder[39m=[32m"En
ter your password"[39m
                    [33m
style[39m=[32m"padding:
 0.75rem 3rem 0.75rem 
1rem; font-size: 
0.95rem; background: 
rgba(255, 255, 255, 
0.07); border: 1px solid 
rgba(255, 255, 255, 
0.15); border-radius: 
10px; color: rgb(255, 
255, 255); outline: 
none; width: 100%; 
box-sizing: border-box; 
transition: border-color 
0.2s, box-shadow 
0.2s;"[39m
                    [33m
type[39m=[32m"password"
[39m
                    [33m
value[39m=[32m""[39m
                  
[36m/>[39m
                  
[36m<button[39m
                    [33m
aria-label[39m=[32m"Tog
gle password 
visibility"[39m
                    [33m
style[39m=[32m"position
: absolute; right: 
0.75rem; background: 
none; cursor: pointer; 
font-size: 1rem; color: 
rgba(255, 255, 255, 
0.5); padding: 0.25rem; 
line-height: 1;"[39m
                    [33m
tabindex[39m=[32m"-1"[
39m
                    [33m
type[39m=[32m"button"[
39m
                  
[36m>[39m
                    
[0m≡ƒæü∩╕Å[0m
                  
[36m</button>[39m
                
[36m</div>[39m
              
[36m</div>[39m
              
[36m<button[39m
                [33mstyl
e[39m=[32m"margin-top: 
0.5rem; padding: 
0.875rem; font-size: 
1rem; font-weight: 700; 
color: rgb(255, 255, 
255); background: 
linear-gradient(135deg, 
#6366f1, #ec4899); 
border-radius: 12px; 
cursor: pointer; 
letter-spacing: 0.02em; 
box-shadow: 0 4px 20px 
rgba(99,102,241,0.4); 
transition: opacity 
0.2s, transform 
0.15s;"[39m
                [33mtype
[39m=[32m"submit"[39m
              [36m>[39m
                [0mSign 
In Γ£ª[0m
              
[36m</button>[39m
            
[36m</form>[39m
            [36m<p[39m
              [33mstyle
[39m=[32m"text-align: 
center; margin-top: 
1.5rem; font-size: 
0.875rem; color: 
rgba(255, 255, 255, 
0.45);"[39m
            [36m>[39m
              [0mDon't 
have an account?[0m
              [0m [0m
              
[36m<a[39m
                [33mhref
[39m=[32m"/register"[3
9m
                [33mstyl
e[39m=[32m"color: 
rgb(129, 140, 248); 
font-weight: 600; 
text-decoration: 
none;"[39m
              [36m>[39m
                [0mSign 
up here[0m
              
[36m</a>[39m
            
[36m</p>[39m
          
[36m</div>[39m
        [36m</div>[39m
      [36m</div>[39m
    [36m</body>[39m

    [0m [90m 73 |[39m 
    [90m// 
getByLabelText finds 
inputs by their 
associated <label> ΓÇö 
#2 priority query[39m
     [90m 74 |[39m     
expect(screen[33m.[39mg
etByLabelText([35m/email
 address/i[39m))[33m.[
39mtoBeInTheDocument()[3
3m;[39m
    [31m[1m>[22m[39m
[90m 75 |[39m     expect
(screen[33m.[39mgetByLa
belText([35m/password/i
[39m))[33m.[39mtoBeInTh
eDocument()[33m;[39m
     [90m    |[39m     
              
[31m[1m^[22m[39m
     [90m 76 |[39m
     [90m 77 |[39m     
[90m// getByRole for 
the submit button[39m
     [90m 78 |[39m     
expect(screen[33m.[39mg
etByRole([32m'button'[3
9m[33m,[39m { 
name[33m:[39m 
[35m/sign in/i[39m }))
[33m.[39mtoBeInTheDocume
nt()[33m;[39m[0m

      at 
Object.getElementError (n
ode_modules/@testing-libr
ary/dom/dist/config.js:37
:19)
      at getElementError 
(node_modules/@testing-li
brary/dom/dist/query-help
ers.js:20:35)
      at getMultipleEleme
ntsFoundError (node_modul
es/@testing-library/dom/d
ist/query-helpers.js:23:1
0)
      at node_modules/@te
sting-library/dom/dist/qu
ery-helpers.js:55:13
      at node_modules/@te
sting-library/dom/dist/qu
ery-helpers.js:95:19
      at 
Object.getByLabelText (sr
c/pages/Login.test.jsx:75
:19)

  ΓùÅ Login Component 
ΓÇ║ calls the auth login 
function and navigates 
to dashboard on success

    TestingLibraryElement
Error: Found multiple 
elements with the text 
of: /password/i

    Here are the 
matching elements:

    Ignored nodes: 
comments, script, style
    [36m<input[39m
      [33mautocomplete[
39m=[32m"current-passwor
d"[39m
      [33mid[39m=[32m"
password"[39m
      [33mname[39m=[32
m"password"[39m
      [33mplaceholder[3
9m=[32m"Enter your 
password"[39m
      [33mstyle[39m=[3
2m"padding: 0.75rem 3rem 
0.75rem 1rem; font-size: 
0.95rem; background: 
rgba(255, 255, 255, 
0.07); border: 1px solid 
rgba(255, 255, 255, 
0.15); border-radius: 
10px; color: rgb(255, 
255, 255); outline: 
none; width: 100%; 
box-sizing: border-box; 
transition: border-color 
0.2s, box-shadow 
0.2s;"[39m
      [33mtype[39m=[32
m"password"[39m
      [33mvalue[39m=[3
2m""[39m
    [36m/>[39m

    Ignored nodes: 
comments, script, style
    [36m<button[39m
      [33maria-label[39
m=[32m"Toggle password 
visibility"[39m
      [33mstyle[39m=[3
2m"position: absolute; 
right: 0.75rem; 
background: none; 
cursor: pointer; 
font-size: 1rem; color: 
rgba(255, 255, 255, 
0.5); padding: 0.25rem; 
line-height: 1;"[39m
      [33mtabindex[39m=
[32m"-1"[39m
      [33mtype[39m=[32
m"button"[39m
    [36m>[39m
      [0m≡ƒæü∩╕Å[0m
    [36m</button>[39m

    (If this is 
intentional, then use 
the `*AllBy*` variant of 
the query (like 
`queryAllByText`, 
`getAllByText`, or 
`findAllByText`)).

    Ignored nodes: 
comments, script, style
    [36m<body>[39m
      [36m<div>[39m
        [36m<div[39m
          [33mstyle[39m
=[32m"min-height: 
100vh; display: flex; 
justify-content: center; 
align-items: center; 
padding: 2rem 1rem; 
background: 
linear-gradient(135deg, 
#0f0c29, #302b63, 
#24243e); position: 
relative; overflow: 
hidden;"[39m
        [36m>[39m
          [36m<div[39m
            [33mstyle[3
9m=[32m"position: 
absolute; top: -10rem; 
right: -10rem; width: 
35rem; height: 35rem; 
border-radius: 50%; 
background: 
radial-gradient(circle, 
rgba(99,102,241,0.25) 
0%, transparent 70%); 
pointer-events: 
none;"[39m
          [36m/>[39m
          [36m<div[39m
            [33mstyle[3
9m=[32m"position: 
absolute; bottom: -8rem; 
left: -8rem; width: 
30rem; height: 30rem; 
border-radius: 50%; 
background: 
radial-gradient(circle, 
rgba(236,72,153,0.2) 0%, 
transparent 70%); 
pointer-events: 
none;"[39m
          [36m/>[39m
          [36m<div[39m
            [33mstyle[3
9m=[32m"position: 
relative; z-index: 1; 
width: 100%; max-width: 
420px; padding: 2.5rem; 
background: rgba(255, 
255, 255, 0.06); 
border-radius: 20px; 
border: 1px solid 
rgba(255, 255, 255, 
0.12); box-shadow: 0 
25px 60px 
rgba(0,0,0,0.5);"[39m
          [36m>[39m
            
[36m<div[39m
              [33mstyle
[39m=[32m"text-align: 
center; margin-bottom: 
2rem;"[39m
            [36m>[39m
              
[36m<div[39m
                [33mstyl
e[39m=[32m"display: 
inline-flex; 
align-items: center; 
justify-content: center; 
width: 52px; height: 
52px; border-radius: 
50%; background: 
linear-gradient(135deg, 
#6366f1, #ec4899); 
font-size: 1.4rem; 
color: rgb(255, 255, 
255); margin-bottom: 
1rem; box-shadow: 0 0 
20px rgba(99,102,241,0.5)
;"[39m
              [36m>[39m
                
[0mΓ£ª[0m
              
[36m</div>[39m
              
[36m<h1[39m
                [33mstyl
e[39m=[32m"font-size: 
1.75rem; font-weight: 
700; color: rgb(255, 
255, 255); margin: 0px 
0px 0.4rem; 
letter-spacing: 
-0.02em;"[39m
              [36m>[39m
                
[0mWelcome Back[0m
              
[36m</h1>[39m
              
[36m<p[39m
                [33mstyl
e[39m=[32m"font-size: 
0.875rem; color: 
rgba(255, 255, 255, 
0.55); margin: 0px;"[39m
              [36m>[39m
                [0mSign 
in to your Creators 
Platform account[0m
              
[36m</p>[39m
            
[36m</div>[39m
            
[36m<form[39m
              [33mnovali
date[39m=[32m""[39m
              [33mstyle
[39m=[32m"display: 
flex; flex-direction: 
column; gap: 
1.25rem;"[39m
            [36m>[39m
              
[36m<div[39m
                [33mstyl
e[39m=[32m"display: 
flex; flex-direction: 
column; gap: 
0.4rem;"[39m
              [36m>[39m
                
[36m<label[39m
                  [33mfo
r[39m=[32m"email"[39m
                  [33mst
yle[39m=[32m"font-size:
 0.82rem; font-weight: 
600; color: rgba(255, 
255, 255, 0.7); 
letter-spacing: 0.03em; 
text-transform: 
uppercase;"[39m
                
[36m>[39m
                  
[0mEmail Address[0m
                
[36m</label>[39m
                
[36m<input[39m
                  [33mau
tocomplete[39m=[32m"ema
il"[39m
                  [33mid
[39m=[32m"email"[39m
                  [33mna
me[39m=[32m"email"[39m
                  [33mpl
aceholder[39m=[32m"you@
example.com"[39m
                  [33mst
yle[39m=[32m"padding: 
0.75rem 1rem; font-size: 
0.95rem; background: 
rgba(255, 255, 255, 
0.07); border: 1px solid 
rgba(255, 255, 255, 
0.15); border-radius: 
10px; color: rgb(255, 
255, 255); outline: 
none; width: 100%; 
box-sizing: border-box; 
transition: border-color 
0.2s, box-shadow 
0.2s;"[39m
                  [33mty
pe[39m=[32m"email"[39m
                  [33mva
lue[39m=[32m"user@examp
le.com"[39m
                
[36m/>[39m
              
[36m</div>[39m
              
[36m<div[39m
                [33mstyl
e[39m=[32m"display: 
flex; flex-direction: 
column; gap: 
0.4rem;"[39m
              [36m>[39m
                
[36m<label[39m
                  [33mfo
r[39m=[32m"password"[3
9m
                  [33mst
yle[39m=[32m"font-size:
 0.82rem; font-weight: 
600; color: rgba(255, 
255, 255, 0.7); 
letter-spacing: 0.03em; 
text-transform: 
uppercase;"[39m
                
[36m>[39m
                  
[0mPassword[0m
                
[36m</label>[39m
                
[36m<div[39m
                  [33mst
yle[39m=[32m"position: 
relative; display: flex; 
align-items: 
center;"[39m
                
[36m>[39m
                  
[36m<input[39m
                    [33m
autocomplete[39m=[32m"c
urrent-password"[39m
                    [33m
id[39m=[32m"password"[
39m
                    [33m
name[39m=[32m"password"
[39m
                    [33m
placeholder[39m=[32m"En
ter your password"[39m
                    [33m
style[39m=[32m"padding:
 0.75rem 3rem 0.75rem 
1rem; font-size: 
0.95rem; background: 
rgba(255, 255, 255, 
0.07); border: 1px solid 
rgba(255, 255, 255, 
0.15); border-radius: 
10px; color: rgb(255, 
255, 255); outline: 
none; width: 100%; 
box-sizing: border-box; 
transition: border-color 
0.2s, box-shadow 
0.2s;"[39m
                    [33m
type[39m=[32m"password"
[39m
                    [33m
value[39m=[32m""[39m
                  
[36m/>[39m
                  
[36m<button[39m
                    [33m
aria-label[39m=[32m"Tog
gle password 
visibility"[39m
                    [33m
style[39m=[32m"position
: absolute; right: 
0.75rem; background: 
none; cursor: pointer; 
font-size: 1rem; color: 
rgba(255, 255, 255, 
0.5); padding: 0.25rem; 
line-height: 1;"[39m
                    [33m
tabindex[39m=[32m"-1"[
39m
                    [33m
type[39m=[32m"button"[
39m
                  
[36m>[39m
                    
[0m≡ƒæü∩╕Å[0m
                  
[36m</button>[39m
                
[36m</div>[39m
              
[36m</div>[39m
              
[36m<button[39m
                [33mstyl
e[39m=[32m"margin-top: 
0.5rem; padding: 
0.875rem; font-size: 
1rem; font-weight: 700; 
color: rgb(255, 255, 
255); background: 
linear-gradient(135deg, 
#6366f1, #ec4899); 
border-radius: 12px; 
cursor: pointer; 
letter-spacing: 0.02em; 
box-shadow: 0 4px 20px 
rgba(99,102,241,0.4); 
transition: opacity 
0.2s, transform 
0.15s;"[39m
                [33mtype
[39m=[32m"submit"[39m
              [36m>[39m
                [0mSign 
In Γ£ª[0m
              
[36m</button>[39m
            
[36m</form>[39m
            [36m<p[39m
              [33mstyle
[39m=[32m"text-align: 
center; margin-top: 
1.5rem; font-size: 
0.875rem; color: 
rgba(255, 255, 255, 
0.45);"[39m
            [36m>[39m
              [0mDon't 
have an account?[0m
              [0m [0m
              
[36m<a[39m
                [33mhref
[39m=[32m"/register"[3
9m
                [33mstyl
e[39m=[32m"color: 
rgb(129, 140, 248); 
font-weight: 600; 
text-decoration: 
none;"[39m
              [36m>[39m
                [0mSign 
up here[0m
              
[36m</a>[39m
            
[36m</p>[39m
          
[36m</div>[39m
        [36m</div>[39m
      [36m</div>[39m
    [36m</body>[39m

    [0m [90m 139 
|[39m     [90m// Act 
ΓÇö fill in valid 
credentials and 
submit[39m
     [90m 140 |[39m    
 [36mawait[39m userEven
t[33m.[39mtype(screen[
33m.[39mgetByLabelText(
[35m/email address/i[39m
)[33m,[39m [32m'user@e
xample.com'[39m)[33m;[
39m
    [31m[1m>[22m[39m
[90m 141 |[39m     
[36mawait[39m userEvent
[33m.[39mtype(screen[3
3m.[39mgetByLabelText([
35m/password/i[39m)[33m
,[39m [32m'secret123'[
39m)[33m;[39m
     [90m     |[39m    
                         
    [31m[1m^[22m[39m
     [90m 142 |[39m    
 [36mawait[39m userEven
t[33m.[39mclick(screen
[33m.[39mgetByRole([32m
'button'[39m[33m,[39m 
{ name[33m:[39m 
[35m/sign in/i[39m 
}))[33m;[39m
     [90m 143 |[39m
     [90m 144 |[39m    
 [90m// Assert ΓÇö auth 
context login called 
with the right 
data[39m[0m

      at 
Object.getElementError (n
ode_modules/@testing-libr
ary/dom/dist/config.js:37
:19)
      at getElementError 
(node_modules/@testing-li
brary/dom/dist/query-help
ers.js:20:35)
      at getMultipleEleme
ntsFoundError (node_modul
es/@testing-library/dom/d
ist/query-helpers.js:23:1
0)
      at node_modules/@te
sting-library/dom/dist/qu
ery-helpers.js:55:13
      at node_modules/@te
sting-library/dom/dist/qu
ery-helpers.js:95:19
      at 
Object.getByLabelText (sr
c/pages/Login.test.jsx:14
1:33)

  ΓùÅ Login Component 
ΓÇ║ displays an API 
error banner when the 
server returns an error

    TestingLibraryElement
Error: Found multiple 
elements with the text 
of: /password/i

    Here are the 
matching elements:

    Ignored nodes: 
comments, script, style
    [36m<input[39m
      [33mautocomplete[
39m=[32m"current-passwor
d"[39m
      [33mid[39m=[32m"
password"[39m
      [33mname[39m=[32
m"password"[39m
      [33mplaceholder[3
9m=[32m"Enter your 
password"[39m
      [33mstyle[39m=[3
2m"padding: 0.75rem 3rem 
0.75rem 1rem; font-size: 
0.95rem; background: 
rgba(255, 255, 255, 
0.07); border: 1px solid 
rgba(255, 255, 255, 
0.15); border-radius: 
10px; color: rgb(255, 
255, 255); outline: 
none; width: 100%; 
box-sizing: border-box; 
transition: border-color 
0.2s, box-shadow 
0.2s;"[39m
      [33mtype[39m=[32
m"password"[39m
      [33mvalue[39m=[3
2m""[39m
    [36m/>[39m

    Ignored nodes: 
comments, script, style
    [36m<button[39m
      [33maria-label[39
m=[32m"Toggle password 
visibility"[39m
      [33mstyle[39m=[3
2m"position: absolute; 
right: 0.75rem; 
background: none; 
cursor: pointer; 
font-size: 1rem; color: 
rgba(255, 255, 255, 
0.5); padding: 0.25rem; 
line-height: 1;"[39m
      [33mtabindex[39m=
[32m"-1"[39m
      [33mtype[39m=[32
m"button"[39m
    [36m>[39m
      [0m≡ƒæü∩╕Å[0m
    [36m</button>[39m

    (If this is 
intentional, then use 
the `*AllBy*` variant of 
the query (like 
`queryAllByText`, 
`getAllByText`, or 
`findAllByText`)).

    Ignored nodes: 
comments, script, style
    [36m<body>[39m
      [36m<div>[39m
        [36m<div[39m
          [33mstyle[39m
=[32m"min-height: 
100vh; display: flex; 
justify-content: center; 
align-items: center; 
padding: 2rem 1rem; 
background: 
linear-gradient(135deg, 
#0f0c29, #302b63, 
#24243e); position: 
relative; overflow: 
hidden;"[39m
        [36m>[39m
          [36m<div[39m
            [33mstyle[3
9m=[32m"position: 
absolute; top: -10rem; 
right: -10rem; width: 
35rem; height: 35rem; 
border-radius: 50%; 
background: 
radial-gradient(circle, 
rgba(99,102,241,0.25) 
0%, transparent 70%); 
pointer-events: 
none;"[39m
          [36m/>[39m
          [36m<div[39m
            [33mstyle[3
9m=[32m"position: 
absolute; bottom: -8rem; 
left: -8rem; width: 
30rem; height: 30rem; 
border-radius: 50%; 
background: 
radial-gradient(circle, 
rgba(236,72,153,0.2) 0%, 
transparent 70%); 
pointer-events: 
none;"[39m
          [36m/>[39m
          [36m<div[39m
            [33mstyle[3
9m=[32m"position: 
relative; z-index: 1; 
width: 100%; max-width: 
420px; padding: 2.5rem; 
background: rgba(255, 
255, 255, 0.06); 
border-radius: 20px; 
border: 1px solid 
rgba(255, 255, 255, 
0.12); box-shadow: 0 
25px 60px 
rgba(0,0,0,0.5);"[39m
          [36m>[39m
            
[36m<div[39m
              [33mstyle
[39m=[32m"text-align: 
center; margin-bottom: 
2rem;"[39m
            [36m>[39m
              
[36m<div[39m
                [33mstyl
e[39m=[32m"display: 
inline-flex; 
align-items: center; 
justify-content: center; 
width: 52px; height: 
52px; border-radius: 
50%; background: 
linear-gradient(135deg, 
#6366f1, #ec4899); 
font-size: 1.4rem; 
color: rgb(255, 255, 
255); margin-bottom: 
1rem; box-shadow: 0 0 
20px rgba(99,102,241,0.5)
;"[39m
              [36m>[39m
                
[0mΓ£ª[0m
              
[36m</div>[39m
              
[36m<h1[39m
                [33mstyl
e[39m=[32m"font-size: 
1.75rem; font-weight: 
700; color: rgb(255, 
255, 255); margin: 0px 
0px 0.4rem; 
letter-spacing: 
-0.02em;"[39m
              [36m>[39m
                
[0mWelcome Back[0m
              
[36m</h1>[39m
              
[36m<p[39m
                [33mstyl
e[39m=[32m"font-size: 
0.875rem; color: 
rgba(255, 255, 255, 
0.55); margin: 0px;"[39m
              [36m>[39m
                [0mSign 
in to your Creators 
Platform account[0m
              
[36m</p>[39m
            
[36m</div>[39m
            
[36m<form[39m
              [33mnovali
date[39m=[32m""[39m
              [33mstyle
[39m=[32m"display: 
flex; flex-direction: 
column; gap: 
1.25rem;"[39m
            [36m>[39m
              
[36m<div[39m
                [33mstyl
e[39m=[32m"display: 
flex; flex-direction: 
column; gap: 
0.4rem;"[39m
              [36m>[39m
                
[36m<label[39m
                  [33mfo
r[39m=[32m"email"[39m
                  [33mst
yle[39m=[32m"font-size:
 0.82rem; font-weight: 
600; color: rgba(255, 
255, 255, 0.7); 
letter-spacing: 0.03em; 
text-transform: 
uppercase;"[39m
                
[36m>[39m
                  
[0mEmail Address[0m
                
[36m</label>[39m
                
[36m<input[39m
                  [33mau
tocomplete[39m=[32m"ema
il"[39m
                  [33mid
[39m=[32m"email"[39m
                  [33mna
me[39m=[32m"email"[39m
                  [33mpl
aceholder[39m=[32m"you@
example.com"[39m
                  [33mst
yle[39m=[32m"padding: 
0.75rem 1rem; font-size: 
0.95rem; background: 
rgba(255, 255, 255, 
0.07); border: 1px solid 
rgba(255, 255, 255, 
0.15); border-radius: 
10px; color: rgb(255, 
255, 255); outline: 
none; width: 100%; 
box-sizing: border-box; 
transition: border-color 
0.2s, box-shadow 
0.2s;"[39m
                  [33mty
pe[39m=[32m"email"[39m
                  [33mva
lue[39m=[32m"user@examp
le.com"[39m
                
[36m/>[39m
              
[36m</div>[39m
              
[36m<div[39m
                [33mstyl
e[39m=[32m"display: 
flex; flex-direction: 
column; gap: 
0.4rem;"[39m
              [36m>[39m
                
[36m<label[39m
                  [33mfo
r[39m=[32m"password"[3
9m
                  [33mst
yle[39m=[32m"font-size:
 0.82rem; font-weight: 
600; color: rgba(255, 
255, 255, 0.7); 
letter-spacing: 0.03em; 
text-transform: 
uppercase;"[39m
                
[36m>[39m
                  
[0mPassword[0m
                
[36m</label>[39m
                
[36m<div[39m
                  [33mst
yle[39m=[32m"position: 
relative; display: flex; 
align-items: 
center;"[39m
                
[36m>[39m
                  
[36m<input[39m
                    [33m
autocomplete[39m=[32m"c
urrent-password"[39m
                    [33m
id[39m=[32m"password"[
39m
                    [33m
name[39m=[32m"password"
[39m
                    [33m
placeholder[39m=[32m"En
ter your password"[39m
                    [33m
style[39m=[32m"padding:
 0.75rem 3rem 0.75rem 
1rem; font-size: 
0.95rem; background: 
rgba(255, 255, 255, 
0.07); border: 1px solid 
rgba(255, 255, 255, 
0.15); border-radius: 
10px; color: rgb(255, 
255, 255); outline: 
none; width: 100%; 
box-sizing: border-box; 
transition: border-color 
0.2s, box-shadow 
0.2s;"[39m
                    [33m
type[39m=[32m"password"
[39m
                    [33m
value[39m=[32m""[39m
                  
[36m/>[39m
                  
[36m<button[39m
                    [33m
aria-label[39m=[32m"Tog
gle password 
visibility"[39m
                    [33m
style[39m=[32m"position
: absolute; right: 
0.75rem; background: 
none; cursor: pointer; 
font-size: 1rem; color: 
rgba(255, 255, 255, 
0.5); padding: 0.25rem; 
line-height: 1;"[39m
                    [33m
tabindex[39m=[32m"-1"[
39m
                    [33m
type[39m=[32m"button"[
39m
                  
[36m>[39m
                    
[0m≡ƒæü∩╕Å[0m
                  
[36m</button>[39m
                
[36m</div>[39m
              
[36m</div>[39m
              
[36m<button[39m
                [33mstyl
e[39m=[32m"margin-top: 
0.5rem; padding: 
0.875rem; font-size: 
1rem; font-weight: 700; 
color: rgb(255, 255, 
255); background: 
linear-gradient(135deg, 
#6366f1, #ec4899); 
border-radius: 12px; 
cursor: pointer; 
letter-spacing: 0.02em; 
box-shadow: 0 4px 20px 
rgba(99,102,241,0.4); 
transition: opacity 
0.2s, transform 
0.15s;"[39m
                [33mtype
[39m=[32m"submit"[39m
              [36m>[39m
                [0mSign 
In Γ£ª[0m
              
[36m</button>[39m
            
[36m</form>[39m
            [36m<p[39m
              [33mstyle
[39m=[32m"text-align: 
center; margin-top: 
1.5rem; font-size: 
0.875rem; color: 
rgba(255, 255, 255, 
0.45);"[39m
            [36m>[39m
              [0mDon't 
have an account?[0m
              [0m [0m
              
[36m<a[39m
                [33mhref
[39m=[32m"/register"[3
9m
                [33mstyl
e[39m=[32m"color: 
rgb(129, 140, 248); 
font-weight: 600; 
text-decoration: 
none;"[39m
              [36m>[39m
                [0mSign 
up here[0m
              
[36m</a>[39m
            
[36m</p>[39m
          
[36m</div>[39m
        [36m</div>[39m
      [36m</div>[39m
    [36m</body>[39m

    [0m [90m 164 |[39m
     [90m 165 |[39m    
 [36mawait[39m userEven
t[33m.[39mtype(screen[
33m.[39mgetByLabelText(
[35m/email address/i[39m
)[33m,[39m [32m'user@e
xample.com'[39m)[33m;[
39m
    [31m[1m>[22m[39m
[90m 166 |[39m     
[36mawait[39m userEvent
[33m.[39mtype(screen[3
3m.[39mgetByLabelText([
35m/password/i[39m)[33m
,[39m [32m'wrongpasswor
d'[39m)[33m;[39m
     [90m     |[39m    
                         
    [31m[1m^[22m[39m
     [90m 167 |[39m    
 [36mawait[39m userEven
t[33m.[39mclick(screen
[33m.[39mgetByRole([32m
'button'[39m[33m,[39m 
{ name[33m:[39m 
[35m/sign in/i[39m 
}))[33m;[39m
     [90m 168 |[39m
     [90m 169 |[39m    
 [90m// getByText 
confirms the visible 
error message ΓÇö no 
internal state 
checked[39m[0m

      at 
Object.getElementError (n
ode_modules/@testing-libr
ary/dom/dist/config.js:37
:19)
      at getElementError 
(node_modules/@testing-li
brary/dom/dist/query-help
ers.js:20:35)
      at getMultipleEleme
ntsFoundError (node_modul
es/@testing-library/dom/d
ist/query-helpers.js:23:1
0)
      at node_modules/@te
sting-library/dom/dist/qu
ery-helpers.js:55:13
      at node_modules/@te
sting-library/dom/dist/qu
ery-helpers.js:95:19
      at 
Object.getByLabelText (sr
c/pages/Login.test.jsx:16
6:33)

  ΓùÅ Login Component 
ΓÇ║ toggles the password 
input type when the 
visibility button is 
clicked

    TestingLibraryElement
Error: Found multiple 
elements with the text 
of: /password/i

    Here are the 
matching elements:

    Ignored nodes: 
comments, script, style
    [36m<input[39m
      [33mautocomplete[
39m=[32m"current-passwor
d"[39m
      [33mid[39m=[32m"
password"[39m
      [33mname[39m=[32
m"password"[39m
      [33mplaceholder[3
9m=[32m"Enter your 
password"[39m
      [33mstyle[39m=[3
2m"padding: 0.75rem 3rem 
0.75rem 1rem; font-size: 
0.95rem; background: 
rgba(255, 255, 255, 
0.07); border: 1px solid 
rgba(255, 255, 255, 
0.15); border-radius: 
10px; color: rgb(255, 
255, 255); outline: 
none; width: 100%; 
box-sizing: border-box; 
transition: border-color 
0.2s, box-shadow 
0.2s;"[39m
      [33mtype[39m=[32
m"password"[39m
      [33mvalue[39m=[3
2m""[39m
    [36m/>[39m

    Ignored nodes: 
comments, script, style
    [36m<button[39m
      [33maria-label[39
m=[32m"Toggle password 
visibility"[39m
      [33mstyle[39m=[3
2m"position: absolute; 
right: 0.75rem; 
background: none; 
cursor: pointer; 
font-size: 1rem; color: 
rgba(255, 255, 255, 
0.5); padding: 0.25rem; 
line-height: 1;"[39m
      [33mtabindex[39m=
[32m"-1"[39m
      [33mtype[39m=[32
m"button"[39m
    [36m>[39m
      [0m≡ƒæü∩╕Å[0m
    [36m</button>[39m

    (If this is 
intentional, then use 
the `*AllBy*` variant of 
the query (like 
`queryAllByText`, 
`getAllByText`, or 
`findAllByText`)).

    Ignored nodes: 
comments, script, style
    [36m<body>[39m
      [36m<div>[39m
        [36m<div[39m
          [33mstyle[39m
=[32m"min-height: 
100vh; display: flex; 
justify-content: center; 
align-items: center; 
padding: 2rem 1rem; 
background: 
linear-gradient(135deg, 
#0f0c29, #302b63, 
#24243e); position: 
relative; overflow: 
hidden;"[39m
        [36m>[39m
          [36m<div[39m
            [33mstyle[3
9m=[32m"position: 
absolute; top: -10rem; 
right: -10rem; width: 
35rem; height: 35rem; 
border-radius: 50%; 
background: 
radial-gradient(circle, 
rgba(99,102,241,0.25) 
0%, transparent 70%); 
pointer-events: 
none;"[39m
          [36m/>[39m
          [36m<div[39m
            [33mstyle[3
9m=[32m"position: 
absolute; bottom: -8rem; 
left: -8rem; width: 
30rem; height: 30rem; 
border-radius: 50%; 
background: 
radial-gradient(circle, 
rgba(236,72,153,0.2) 0%, 
transparent 70%); 
pointer-events: 
none;"[39m
          [36m/>[39m
          [36m<div[39m
            [33mstyle[3
9m=[32m"position: 
relative; z-index: 1; 
width: 100%; max-width: 
420px; padding: 2.5rem; 
background: rgba(255, 
255, 255, 0.06); 
border-radius: 20px; 
border: 1px solid 
rgba(255, 255, 255, 
0.12); box-shadow: 0 
25px 60px 
rgba(0,0,0,0.5);"[39m
          [36m>[39m
            
[36m<div[39m
              [33mstyle
[39m=[32m"text-align: 
center; margin-bottom: 
2rem;"[39m
            [36m>[39m
              
[36m<div[39m
                [33mstyl
e[39m=[32m"display: 
inline-flex; 
align-items: center; 
justify-content: center; 
width: 52px; height: 
52px; border-radius: 
50%; background: 
linear-gradient(135deg, 
#6366f1, #ec4899); 
font-size: 1.4rem; 
color: rgb(255, 255, 
255); margin-bottom: 
1rem; box-shadow: 0 0 
20px rgba(99,102,241,0.5)
;"[39m
              [36m>[39m
                
[0mΓ£ª[0m
              
[36m</div>[39m
              
[36m<h1[39m
                [33mstyl
e[39m=[32m"font-size: 
1.75rem; font-weight: 
700; color: rgb(255, 
255, 255); margin: 0px 
0px 0.4rem; 
letter-spacing: 
-0.02em;"[39m
              [36m>[39m
                
[0mWelcome Back[0m
              
[36m</h1>[39m
              
[36m<p[39m
                [33mstyl
e[39m=[32m"font-size: 
0.875rem; color: 
rgba(255, 255, 255, 
0.55); margin: 0px;"[39m
              [36m>[39m
                [0mSign 
in to your Creators 
Platform account[0m
              
[36m</p>[39m
            
[36m</div>[39m
            
[36m<form[39m
              [33mnovali
date[39m=[32m""[39m
              [33mstyle
[39m=[32m"display: 
flex; flex-direction: 
column; gap: 
1.25rem;"[39m
            [36m>[39m
              
[36m<div[39m
                [33mstyl
e[39m=[32m"display: 
flex; flex-direction: 
column; gap: 
0.4rem;"[39m
              [36m>[39m
                
[36m<label[39m
                  [33mfo
r[39m=[32m"email"[39m
                  [33mst
yle[39m=[32m"font-size:
 0.82rem; font-weight: 
600; color: rgba(255, 
255, 255, 0.7); 
letter-spacing: 0.03em; 
text-transform: 
uppercase;"[39m
                
[36m>[39m
                  
[0mEmail Address[0m
                
[36m</label>[39m
                
[36m<input[39m
                  [33mau
tocomplete[39m=[32m"ema
il"[39m
                  [33mid
[39m=[32m"email"[39m
                  [33mna
me[39m=[32m"email"[39m
                  [33mpl
aceholder[39m=[32m"you@
example.com"[39m
                  [33mst
yle[39m=[32m"padding: 
0.75rem 1rem; font-size: 
0.95rem; background: 
rgba(255, 255, 255, 
0.07); border: 1px solid 
rgba(255, 255, 255, 
0.15); border-radius: 
10px; color: rgb(255, 
255, 255); outline: 
none; width: 100%; 
box-sizing: border-box; 
transition: border-color 
0.2s, box-shadow 
0.2s;"[39m
                  [33mty
pe[39m=[32m"email"[39m
                  [33mva
lue[39m=[32m""[39m
                
[36m/>[39m
              
[36m</div>[39m
              
[36m<div[39m
                [33mstyl
e[39m=[32m"display: 
flex; flex-direction: 
column; gap: 
0.4rem;"[39m
              [36m>[39m
                
[36m<label[39m
                  [33mfo
r[39m=[32m"password"[3
9m
                  [33mst
yle[39m=[32m"font-size:
 0.82rem; font-weight: 
600; color: rgba(255, 
255, 255, 0.7); 
letter-spacing: 0.03em; 
text-transform: 
uppercase;"[39m
                
[36m>[39m
                  
[0mPassword[0m
                
[36m</label>[39m
                
[36m<div[39m
                  [33mst
yle[39m=[32m"position: 
relative; display: flex; 
align-items: 
center;"[39m
                
[36m>[39m
                  
[36m<input[39m
                    [33m
autocomplete[39m=[32m"c
urrent-password"[39m
                    [33m
id[39m=[32m"password"[
39m
                    [33m
name[39m=[32m"password"
[39m
                    [33m
placeholder[39m=[32m"En
ter your password"[39m
                    [33m
style[39m=[32m"padding:
 0.75rem 3rem 0.75rem 
1rem; font-size: 
0.95rem; background: 
rgba(255, 255, 255, 
0.07); border: 1px solid 
rgba(255, 255, 255, 
0.15); border-radius: 
10px; color: rgb(255, 
255, 255); outline: 
none; width: 100%; 
box-sizing: border-box; 
transition: border-color 
0.2s, box-shadow 
0.2s;"[39m
                    [33m
type[39m=[32m"password"
[39m
                    [33m
value[39m=[32m""[39m
                  
[36m/>[39m
                  
[36m<button[39m
                    [33m
aria-label[39m=[32m"Tog
gle password 
visibility"[39m
                    [33m
style[39m=[32m"position
: absolute; right: 
0.75rem; background: 
none; cursor: pointer; 
font-size: 1rem; color: 
rgba(255, 255, 255, 
0.5); padding: 0.25rem; 
line-height: 1;"[39m
                    [33m
tabindex[39m=[32m"-1"[
39m
                    [33m
type[39m=[32m"button"[
39m
                  
[36m>[39m
                    
[0m≡ƒæü∩╕Å[0m
                  
[36m</button>[39m
                
[36m</div>[39m
              
[36m</div>[39m
              
[36m<button[39m
                [33mstyl
e[39m=[32m"margin-top: 
0.5rem; padding: 
0.875rem; font-size: 
1rem; font-weight: 700; 
color: rgb(255, 255, 
255); background: 
linear-gradient(135deg, 
#6366f1, #ec4899); 
border-radius: 12px; 
cursor: pointer; 
letter-spacing: 0.02em; 
box-shadow: 0 4px 20px 
rgba(99,102,241,0.4); 
transition: opacity 
0.2s, transform 
0.15s;"[39m
                [33mtype
[39m=[32m"submit"[39m
              [36m>[39m
                [0mSign 
In Γ£ª[0m
              
[36m</button>[39m
            
[36m</form>[39m
            [36m<p[39m
              [33mstyle
[39m=[32m"text-align: 
center; margin-top: 
1.5rem; font-size: 
0.875rem; color: 
rgba(255, 255, 255, 
0.45);"[39m
            [36m>[39m
              [0mDon't 
have an account?[0m
              [0m [0m
              
[36m<a[39m
                [33mhref
[39m=[32m"/register"[3
9m
                [33mstyl
e[39m=[32m"color: 
rgb(129, 140, 248); 
font-weight: 600; 
text-decoration: 
none;"[39m
              [36m>[39m
                [0mSign 
up here[0m
              
[36m</a>[39m
            
[36m</p>[39m
          
[36m</div>[39m
        [36m</div>[39m
      [36m</div>[39m
    [36m</body>[39m

    [0m [90m 175 
|[39m     
renderLogin()[33m;[39m
     [90m 176 |[39m
    [31m[1m>[22m[39m
[90m 177 |[39m     
[36mconst[39m 
passwordInput 
[33m=[39m screen[33m.
[39mgetByLabelText([35m/
password/i[39m)[33m;[3
9m
     [90m     |[39m    
                         
     [31m[1m^[22m[39m
     [90m 178 |[39m    
 [36mconst[39m 
toggleBtn [33m=[39m scr
een[33m.[39mgetByRole(
[32m'button'[39m[33m,[
39m { name[33m:[39m 
[35m/toggle password 
visibility/i[39m 
})[33m;[39m
     [90m 179 |[39m
     [90m 180 |[39m    
 [90m// Initially 
hidden[39m[0m

      at 
Object.getElementError (n
ode_modules/@testing-libr
ary/dom/dist/config.js:37
:19)
      at getElementError 
(node_modules/@testing-li
brary/dom/dist/query-help
ers.js:20:35)
      at getMultipleEleme
ntsFoundError (node_modul
es/@testing-library/dom/d
ist/query-helpers.js:23:1
0)
      at node_modules/@te
sting-library/dom/dist/qu
ery-helpers.js:55:13
      at node_modules/@te
sting-library/dom/dist/qu
ery-helpers.js:95:19
      at 
Object.getByLabelText (sr
c/pages/Login.test.jsx:17
7:34)

Test Suites: 1 failed, 1 
total
Tests:       4 failed, 6 
passed, 10 total
Snapshots:   0 total
Time:        2.409 s
Ran all test suites.
